// Jest Snapshot v1, https://goo.gl/fbAQLP

exports[`ForecastDetails renders correctly 1`] = `
<DocumentFragment>
  <div
    class="forecast-details"
    data-testid="forecast-details"
  >
    <div
      class="forecast-details__date"
    >
      Invalid Date
    </div>
    <div
      class="forecast-details__icon"
      data-testid="forecast-icon"
    >
      <img
        alt="stubIcon"
      />
    </div>
    <div
      class="forecast-details__mintemperature"
    >
      12°C
    </div>
    <div
      class="forecast-details__maxtemperature"
    >
      22°C
    </div>
    <div
      class="forecast-details__humidity"
    >
      30
    </div>
     
    <div
      class="forecast-details__wind"
    >
      17&stub
    </div>
    <div
      class="forecast-details__description"
    >
      Stub description
    </div>
  </div>
</DocumentFragment>
`;
