// Jest Snapshot v1, https://goo.gl/fbAQLP

exports[`ForecastSummary renders correctly 1`] = `
<DocumentFragment>
  <div
    class="forecast-summary"
    data-testid="forecast-summary"
  >
    <div
      class="forecast-summary__date"
    >
      Invalid Date
    </div>
    <div
      class="forecast-summary__icon"
      data-testid="forecast-icon"
    >
      <img
        alt="stubIcon"
      />
    </div>
    <div
      class="forecast-summary__temperature"
    >
      22Â°C
    </div>
    <div
      class="forecast-summary__description"
    >
      Stub description
    </div>
  </div>
</DocumentFragment>
`;
